Created temporary directory
Reading config scripts from sdk-harbour-rpmvalidator
Prepare for RPM validation of file sdk-harbour-rpmvalidator/tests/rpms/harbour-bad-0.5-1.armv7hl.rpm
./etc/harbour-bad/harbour-bad.conf
./home/nemo/.conf/harbour-bad/harbour-bad.conf
./usr/bin
./usr/bin/bin with spaces
./usr/bin/harbour-bad
./usr/bin/harbour-bad suid
./usr/bin/harbour-bad-bin
./usr/bin/harbour-bad-suid
./usr/bin/å—¨-bin
./usr/bin/å—¨-suid
./usr/share/applications/harbour-bad.desktop
./usr/share/harbour-bad/.DS_Store
./usr/share/harbour-bad/.bzr
./usr/share/harbour-bad/.cvs
./usr/share/harbour-bad/.git
./usr/share/harbour-bad/.hg
./usr/share/harbour-bad/.some-dot-backup-file.txt~
./usr/share/harbour-bad/.some-tmp-vim-file.txt.swp
./usr/share/harbour-bad/.svn
./usr/share/harbour-bad/lib
./usr/share/harbour-bad/lib/harbour
./usr/share/harbour-bad/lib/harbour/good
./usr/share/harbour-bad/lib/harbour/good/dbus
./usr/share/harbour-bad/lib/harbour/good/dbus/qmldir
./usr/share/harbour-bad/lib/lib hello Sailor Dbus.so
./usr/share/harbour-bad/lib/libhelloSailorDbus.so
./usr/share/harbour-bad/lib/libquazip.so.1.0.0
./usr/share/harbour-bad/lib/å—¨.so
./usr/share/harbour-bad/qml
./usr/share/harbour-bad/qml/cover
./usr/share/harbour-bad/qml/cover/CoverPage.qml
./usr/share/harbour-bad/qml/harbour-bad-crlf.qml
./usr/share/harbour-bad/qml/harbour-bad.qml
./usr/share/harbour-bad/qml/pages
./usr/share/harbour-bad/qml/pages/FirstPage.qml
./usr/share/harbour-bad/qml/pages/Page 002.qml
./usr/share/harbour-bad/qml/pages/Page 003.qml
./usr/share/harbour-bad/qml/pages/Page 004.qml
./usr/share/harbour-bad/qml/pages/Page 005.qml
./usr/share/harbour-bad/qml/pages/Page 006.qml
./usr/share/harbour-bad/qml/pages/Page_001.qml
./usr/share/harbour-bad/qml/pages/Page_002.qml
./usr/share/harbour-bad/qml/pages/Page_003.qml
./usr/share/harbour-bad/qml/pages/Page_004.qml
./usr/share/harbour-bad/qml/pages/Page_005.qml
./usr/share/harbour-bad/qml/pages/Page_006.qml
./usr/share/harbour-bad/qml/pages/Page_007.qml
./usr/share/harbour-bad/qml/pages/Page_008.qml
./usr/share/harbour-bad/qml/pages/Page_009.qml
./usr/share/harbour-bad/qml/pages/Page_010.qml
./usr/share/harbour-bad/qml/pages/Page_Template.qml
./usr/share/harbour-bad/qml/pages/qmlmodules
./usr/share/harbour-bad/qml/pages/qmlmodules/RedRectangle.qml
./usr/share/harbour-bad/qml/pages/å—¨.qml
./usr/share/harbour-bad/some-backup-file.txt~
./usr/share/icons/hicolor/86x86/apps/harbour-bad.png
4528 blocks


Package name
============
[32mPASSED[0m

RPM file name
=============
[32mPASSED[0m

QML files
=========
[36mINFO[0m [[34m/usr/share/harbour-bad/qml/cover/CoverPage.qml[0m] Uses Sailfish Silica Components (only reported once)
[31mERROR[0m [[34m/usr/share/harbour-bad/qml/harbour-bad-crlf.qml[0m] Import 'harbour.good.dbus 1.0' is not allowed
[31mERROR[0m [[34m/usr/share/harbour-bad/qml/harbour-bad.qml[0m] Import 'harbour.good.dbus 1.0' is not allowed
[31mERROR[0m [[34m/usr/share/harbour-bad/qml/pages/FirstPage.qml[0m] Import 'harbour.good.dbus 1.0' is not allowed
[31mERROR[0m [[34m/usr/share/harbour-bad/qml/pages/FirstPage.qml[0m] Import 'org.nemomobile.social 1.0' is not allowed
[31mERROR[0m [[34m/usr/share/harbour-bad/qml/pages/Page_001.qml[0m] Import 'harbour.good.dbus 1.0' is not allowed
[31mERROR[0m [[34m/usr/share/harbour-bad/qml/pages/Page_001.qml[0m] Import 'harbour.good.dbus 1.0' is not allowed
[31mERROR[0m [[34m/usr/share/harbour-bad/qml/pages/Page 002.qml[0m] Import 'harbour.good.dbus 1.0' is not allowed
[31mERROR[0m [[34m/usr/share/harbour-bad/qml/pages/Page 002.qml[0m] Import 'harbour.good.dbus 1.0' is not allowed
[31mERROR[0m [[34m/usr/share/harbour-bad/qml/pages/Page 002.qml[0m] Import 'org.nemomobile.social 1.0' is not allowed
[31mERROR[0m [[34m/usr/share/harbour-bad/qml/pages/Page 002.qml[0m] Import 'harbour.good.dbus 1.0' is not allowed
[31mERROR[0m [[34m/usr/share/harbour-bad/qml/pages/Page 002.qml[0m] Import 'harbour.good.dbus 1.0' is not allowed
[31mERROR[0m [[34m/usr/share/harbour-bad/qml/pages/Page_002.qml[0m] Import 'harbour.good.dbus 1.0' is not allowed
[31mERROR[0m [[34m/usr/share/harbour-bad/qml/pages/Page_002.qml[0m] Import 'harbour.good.dbus 1.0' is not allowed
[31mERROR[0m [[34m/usr/share/harbour-bad/qml/pages/Page_002.qml[0m] Import 'org.nemomobile.social 1.0' is not allowed
[31mERROR[0m [[34m/usr/share/harbour-bad/qml/pages/Page_002.qml[0m] Import 'harbour.good.dbus 1.0' is not allowed
[31mERROR[0m [[34m/usr/share/harbour-bad/qml/pages/Page_002.qml[0m] Import 'harbour.good.dbus 1.0' is not allowed
[31mERROR[0m [[34m/usr/share/harbour-bad/qml/pages/Page 003.qml[0m] Import 'harbour.good.dbus 1.0' is not allowed
[31mERROR[0m [[34m/usr/share/harbour-bad/qml/pages/Page 003.qml[0m] Import 'harbour.good.dbus 1.0' is not allowed
[31mERROR[0m [[34m/usr/share/harbour-bad/qml/pages/Page 003.qml[0m] Import 'harbour.good.dbus 1.0' is not allowed
[31mERROR[0m [[34m/usr/share/harbour-bad/qml/pages/Page 003.qml[0m] Import 'harbour.good.dbus 1.0' is not allowed
[31mERROR[0m [[34m/usr/share/harbour-bad/qml/pages/Page 003.qml[0m] Import 'harbour.good.dbus 1.0' is not allowed
[31mERROR[0m [[34m/usr/share/harbour-bad/qml/pages/Page_003.qml[0m] Import 'harbour.good.dbus 1.0' is not allowed
[31mERROR[0m [[34m/usr/share/harbour-bad/qml/pages/Page_003.qml[0m] Import 'harbour.good.dbus 1.0' is not allowed
[31mERROR[0m [[34m/usr/share/harbour-bad/qml/pages/Page_003.qml[0m] Import 'harbour.good.dbus 1.0' is not allowed
[31mERROR[0m [[34m/usr/share/harbour-bad/qml/pages/Page_003.qml[0m] Import 'harbour.good.dbus 1.0' is not allowed
[31mERROR[0m [[34m/usr/share/harbour-bad/qml/pages/Page_003.qml[0m] Import 'harbour.good.dbus 1.0' is not allowed
[31mERROR[0m [[34m/usr/share/harbour-bad/qml/pages/Page 004.qml[0m] Import 'harbour.good.dbus 1.0' is not allowed
[31mERROR[0m [[34m/usr/share/harbour-bad/qml/pages/Page 004.qml[0m] Import 'harbour.good.dbus 1.0' is not allowed
[31mERROR[0m [[34m/usr/share/harbour-bad/qml/pages/Page 004.qml[0m] Import 'harbour.good.dbus 1.0' is not allowed
[31mERROR[0m [[34m/usr/share/harbour-bad/qml/pages/Page 004.qml[0m] Import 'harbour.good.dbus 1.0' is not allowed
[31mERROR[0m [[34m/usr/share/harbour-bad/qml/pages/Page 004.qml[0m] Import 'harbour.good.dbus 1.0' is not allowed
[31mERROR[0m [[34m/usr/share/harbour-bad/qml/pages/Page_004.qml[0m] Import 'harbour.good.dbus 1.0' is not allowed
[31mERROR[0m [[34m/usr/share/harbour-bad/qml/pages/Page_004.qml[0m] Import 'harbour.good.dbus 1.0' is not allowed
[31mERROR[0m [[34m/usr/share/harbour-bad/qml/pages/Page_004.qml[0m] Import 'harbour.good.dbus 1.0' is not allowed
[31mERROR[0m [[34m/usr/share/harbour-bad/qml/pages/Page_004.qml[0m] Import 'harbour.good.dbus 1.0' is not allowed
[31mERROR[0m [[34m/usr/share/harbour-bad/qml/pages/Page_004.qml[0m] Import 'harbour.good.dbus 1.0' is not allowed
[36mINFO[0m [[34mharbour-bad[0m] Please see our FAQ here: https://harbour.jolla.com/faq#QML_API
[31mFAILED[0m

Desktop file
============
[31mERROR[0m [[34m/usr/share/applications/harbour-bad.desktop[0m] Missing valid Icon declaration, must be Icon=harbour-bad
[31mERROR[0m [[34m/usr/share/applications/harbour-bad.desktop[0m] Missing valid Exec declaration, must be Exec=harbour-bad
[31mERROR[0m [[34m/usr/share/applications/harbour-bad.desktop[0m] X-Nemo-Application-Type must be silica-qt5 for apps importing Sailfish.Silica in QML
[31mERROR[0m [[34m/usr/share/applications/harbour-bad.desktop[0m] X-Nemo-Application-Type not declared (use silica-qt5 for QML apps)
[36mINFO[0m [[34m/usr/share/applications/harbour-bad.desktop[0m] Please see our FAQ here: https://harbour.jolla.com/faq#.desktop-Files
[31mFAILED[0m

Paths
=====
[31mERROR[0m [[34m/etc/harbour-bad/harbour-bad.conf[0m] Installation not allowed in this location
[31mERROR[0m [[34m/home/nemo/.conf/harbour-bad/harbour-bad.conf[0m] Installation not allowed in this location
[31mERROR[0m [[34m/usr/bin/bin with spaces[0m] Installation not allowed in this location
[31mERROR[0m [[34m/usr/bin/harbour-bad-bin[0m] Installation not allowed in this location
[31mERROR[0m [[34m/usr/bin/harbour-bad suid[0m] Installation not allowed in this location
[31mERROR[0m [[34m/usr/bin/harbour-bad-suid[0m] Installation not allowed in this location
[31mERROR[0m [[34m/usr/bin/å—¨-bin[0m] Installation not allowed in this location
[31mERROR[0m [[34m/usr/bin/å—¨-suid[0m] Installation not allowed in this location
[31mERROR[0m [[34m/usr/share/harbour-bad/.bzr[0m] Source control directories must not be included
[31mERROR[0m [[34m/usr/share/harbour-bad/.cvs[0m] Source control directories must not be included
[31mERROR[0m [[34m/usr/share/harbour-bad/.DS_Store[0m] This kind of file must not be included
[31mERROR[0m [[34m/usr/share/harbour-bad/.git[0m] Source control directories must not be included
[31mERROR[0m [[34m/usr/share/harbour-bad/.hg[0m] Source control directories must not be included
[31mERROR[0m [[34m/usr/share/harbour-bad/some-backup-file.txt~[0m] This kind of file must not be included
[31mERROR[0m [[34m/usr/share/harbour-bad/.some-dot-backup-file.txt~[0m] This kind of file must not be included
[31mERROR[0m [[34m/usr/share/harbour-bad/.some-tmp-vim-file.txt.swp[0m] This kind of file must not be included
[31mERROR[0m [[34m/usr/share/harbour-bad/.svn[0m] Source control directories must not be included
[31mFAILED[0m

Libraries
=========
[33mWARNING[0m [[34m/usr/bin/bin with spaces[0m] file is not stripped!
[31mERROR[0m [[34m/usr/bin/bin with spaces[0m] ELF binary in wrong location (must be /usr/bin/harbour-bad)
[31mERROR[0m [[34m/usr/bin/bin with spaces[0m] Cannot link to shared library: libquazip.so.1
[31mERROR[0m [[34m/usr/bin/bin with spaces[0m] Cannot link to shared library: libncurses.so.5
[31mERROR[0m [[34m/usr/bin/bin with spaces[0m] Cannot link to shared library: libtinfo.so.5
[36mINFO[0m [[34m/usr/bin/bin[0m] with spaces Please see our FAQ here: https://harbour.jolla.com/faq#Shared_Libraries
[31mERROR[0m [[34m/usr/bin/harbour-bad[0m] Cannot link to shared library: libquazip.so.1
[31mERROR[0m [[34m/usr/bin/harbour-bad[0m] Cannot link to shared library: libncurses.so.5
[31mERROR[0m [[34m/usr/bin/harbour-bad[0m] Cannot link to shared library: libtinfo.so.5
[36mINFO[0m [[34m/usr/bin/harbour-bad[0m] Please see our FAQ here: https://harbour.jolla.com/faq#Shared_Libraries
[31mERROR[0m [[34m/usr/bin/å—¨-bin[0m] ELF binary in wrong location (must be /usr/bin/harbour-bad)
[31mERROR[0m [[34m/usr/bin/å—¨-bin[0m] Cannot link to shared library: libquazip.so.1
[31mERROR[0m [[34m/usr/bin/å—¨-bin[0m] Cannot link to shared library: libncurses.so.5
[31mERROR[0m [[34m/usr/bin/å—¨-bin[0m] Cannot link to shared library: libtinfo.so.5
[36mINFO[0m [[34m/usr/bin/å—¨-bin[0m] Please see our FAQ here: https://harbour.jolla.com/faq#Shared_Libraries
[33mWARNING[0m [[34m/usr/share/harbour-bad/lib/lib hello Sailor Dbus.so[0m] file is not stripped!
[36mINFO[0m [[34m/usr/share/harbour-bad/lib/lib hello Sailor Dbus.so[0m] Private shared library shipped
[31mERROR[0m [[34m/usr/share/harbour-bad/lib/lib hello Sailor Dbus.so[0m] Cannot link to shared library: libncurses.so.5
[31mERROR[0m [[34m/usr/share/harbour-bad/lib/lib hello Sailor Dbus.so[0m] Cannot link to shared library: libtinfo.so.5
[36mINFO[0m [[34m/usr/share/harbour-bad/lib/lib[0m] hello Sailor Dbus.so Please see our FAQ here: https://harbour.jolla.com/faq#Shared_Libraries
[36mINFO[0m [[34m/usr/share/harbour-bad/lib/libhelloSailorDbus.so[0m] Private shared library shipped
[31mERROR[0m [[34m/usr/share/harbour-bad/lib/libhelloSailorDbus.so[0m] Cannot link to shared library: libncurses.so.5
[31mERROR[0m [[34m/usr/share/harbour-bad/lib/libhelloSailorDbus.so[0m] Cannot link to shared library: libtinfo.so.5
[36mINFO[0m [[34m/usr/share/harbour-bad/lib/libhelloSailorDbus.so[0m] Please see our FAQ here: https://harbour.jolla.com/faq#Shared_Libraries
[36mINFO[0m [[34m/usr/share/harbour-bad/lib/libquazip.so.1.0.0[0m] Private shared library shipped
[36mINFO[0m [[34m/usr/share/harbour-bad/lib/å—¨.so[0m] Private shared library shipped
[31mERROR[0m [[34m/usr/share/harbour-bad/lib/å—¨.so[0m] Cannot link to shared library: libncurses.so.5
[31mERROR[0m [[34m/usr/share/harbour-bad/lib/å—¨.so[0m] Cannot link to shared library: libtinfo.so.5
[36mINFO[0m [[34m/usr/share/harbour-bad/lib/å—¨.so[0m] Please see our FAQ here: https://harbour.jolla.com/faq#Shared_Libraries
[31mFAILED[0m

Icon
====
[31mERROR[0m [[34m/usr/share/icons/hicolor/86x86/apps/harbour-bad.png[0m] Wrong size, must be 86x86
[36mINFO[0m [[34m/usr/share/icons/hicolor/86x86/apps/harbour-bad.png[0m] Detected as 'PNG image data, 92 x 92, 8-bit/color RGBA, non-interlaced'
[36mINFO[0m [[34m/usr/share/icons/hicolor/86x86/apps/harbour-bad.png[0m] Please see our FAQ here: https://harbour.jolla.com/faq#Icons
[31mFAILED[0m

Symbols
=======
[32mPASSED[0m

Permissions
===========
[31mERROR[0m [[34m/home/nemo/.conf/harbour-bad/harbour-bad.conf[0m] Owner is 'nemo', should be 'root'
[31mERROR[0m [[34m/home/nemo/.conf/harbour-bad/harbour-bad.conf[0m] Group is 'nemo', should be 'root'
[33mWARNING[0m [[34m/usr/bin/bin with spaces[0m] File must not be executable (current permissions: 755)
[31mERROR[0m [[34m/usr/bin/harbour-bad suid[0m] setuid, setgid or sticky bit set
[33mWARNING[0m [[34m/usr/bin/harbour-bad suid[0m] File must not be executable (current permissions: 755)
[33mWARNING[0m [[34m/usr/bin/harbour-bad-bin[0m] File must not be executable (current permissions: 755)
[31mERROR[0m [[34m/usr/bin/harbour-bad-suid[0m] setuid, setgid or sticky bit set
[33mWARNING[0m [[34m/usr/bin/harbour-bad-suid[0m] File must not be executable (current permissions: 755)
[33mWARNING[0m [[34m/usr/bin/å—¨-bin[0m] File must not be executable (current permissions: 755)
[31mERROR[0m [[34m/usr/bin/å—¨-suid[0m] setuid, setgid or sticky bit set
[33mWARNING[0m [[34m/usr/bin/å—¨-suid[0m] File must not be executable (current permissions: 755)
[31mFAILED[0m

Scripts
=======
[31mERROR[0m [[34mpreinstall[0m] RPM 'preinstall' script not allowed
[31mERROR[0m [[34mpostinstall[0m] RPM 'postinstall' script not allowed
[31mERROR[0m [[34mpreuninstall[0m] RPM 'preuninstall' script not allowed
[31mERROR[0m [[34mpostuninstall[0m] RPM 'postuninstall' script not allowed
[31mERROR[0m [[34mverify[0m] RPM 'verify' script not allowed
[31mFAILED[0m

Provides
========
[31mERROR[0m [[34mDbus.so[0m] 'Provides: Dbus.so' not allowed in RPM
[31mERROR[0m [[34mSailor[0m] 'Provides: Sailor' not allowed in RPM
[31mERROR[0m [[34mhello[0m] 'Provides: hello' not allowed in RPM
[31mERROR[0m [[34mlib[0m] 'Provides: lib' not allowed in RPM
[31mERROR[0m [[34mlibhelloSailorDbus.so[0m] 'Provides: libhelloSailorDbus.so' not allowed in RPM
[31mERROR[0m [[34mlibquazip.so.1[0m] 'Provides: libquazip.so.1' not allowed in RPM
[31mERROR[0m [[34må—¨.so[0m] 'Provides: å—¨.so' not allowed in RPM
[31mFAILED[0m

Obsoletes
=========
[31mERROR[0m [[34mharbour-good[0m] 'Obsoletes: harbour-good' not allowed in RPM
[31mFAILED[0m

Requires
========
[31mERROR[0m [[34m/bin/sh[0m] Dependency not allowed
[31mERROR[0m [[34m/bin/sh[0m] Dependency not allowed
[31mERROR[0m [[34m/bin/sh[0m] Dependency not allowed
[31mERROR[0m [[34m/bin/sh[0m] Dependency not allowed
[31mERROR[0m [[34m/bin/sh[0m] Dependency not allowed
[31mERROR[0m [[34mlibncurses.so.5[0m] Cannot require shared library: 'libncurses.so.5'
[31mERROR[0m [[34mlibquazip.so.1[0m] Cannot require shared library: 'libquazip.so.1'
[31mERROR[0m [[34mlibtinfo.so.5[0m] Cannot require shared library: 'libtinfo.so.5'
[31mERROR[0m [[34mnemo-qml-plugin-social-qt5[0m] Dependency not allowed
[31mERROR[0m [[34mqt5-qtdeclarative-systeminfo[0m] Dependency not allowed
[36mINFO[0m [[34mharbour-bad[0m] Please see our FAQ here: https://harbour.jolla.com/faq#2.6.0 how to use '__provides_exclude_from' and '__requires_exclude' .spec file to avoid that
[31mFAILED[0m

Sandboxing
==========
[31mERROR[0m [[34m/usr/bin/bin with spaces[0m] Hardcoded path: print some not wanted string: /home/nemo/
[36mINFO[0m [[34m/usr/bin/bin with spaces[0m] Please do not hard code the path to any subfolders in /home/nemo. As a rule of thumb follow the XDG Base Directory Specification and use $HOME instead of /home/nemo.
[36mINFO[0m [[34m/usr/bin/bin with spaces[0m] Please see our FAQ here: https://harbour.jolla.com/faq#2.13.0
[31mERROR[0m [[34m/usr/bin/harbour-bad[0m] Hardcoded path: print some not wanted string: /home/nemo/
[31mERROR[0m [[34m/usr/bin/å—¨-bin[0m] Hardcoded path: print some not wanted string: /home/nemo/
[31mFAILED[0m

RPATH
=====
[33mWARNING[0m [[34m/usr/bin/harbour-bad[0m] rpath '/usr/lib/' in binary does not point to an allowed location!
[36mINFO[0m [[34mallowed location:[0m] /usr/share/harbour-bad/lib
[36mINFO[0m [[34mallowed location:[0m] $ORIGIN/../share/harbour-bad/lib
[36mINFO[0m [[34mallowed:[0m] Trailing slash in path name is allowed.
[33mWARNING[0m [[34mharbour-bad-0.5-1.armv7hl.rpm[0m] The RPM contains shared libraries, but it can't be determined for sure if they are needed by the binary, if so then the rpath must be set accordingly.
[36mINFO[0m [[34mSee also:[0m] https://harbour.jolla.com/faq#6.3.0
[36mINFO[0m [[34mSee also:[0m] https://together.jolla.com/question/10713/create-the-example-of-including-your-own-library-and-standard-qt-module-in-a-harbour-compatible-way/#14098
[32mPASSED[0m

Architecture
============
[32mPASSED[0m

Vendor check
============
[32mOK[0m [[34mNo vendor set![0m]
[32mPASSED[0m



Validation failed: [31msdk-harbour-rpmvalidator/tests/rpms/harbour-bad-0.5-1.armv7hl.rpm[0m
Clean up
