Created temporary directory
Reading config scripts from sdk-harbour-rpmvalidator
Prepare for RPM validation of file sdk-harbour-rpmvalidator/tests/rpms/harbour-vendor-meego-0.1-1.armv7hl.rpm
./usr/bin
./usr/bin/harbour-vendor-meego
./usr/share/applications/harbour-vendor-meego.desktop
./usr/share/harbour-vendor-meego
./usr/share/harbour-vendor-meego/qml
./usr/share/harbour-vendor-meego/qml/cover
./usr/share/harbour-vendor-meego/qml/cover/CoverPage.qml
./usr/share/harbour-vendor-meego/qml/harbour-vendor-meego.qml
./usr/share/harbour-vendor-meego/qml/pages
./usr/share/harbour-vendor-meego/qml/pages/FirstPage.qml
./usr/share/harbour-vendor-meego/qml/pages/SecondPage.qml
./usr/share/icons/hicolor/86x86/apps/harbour-vendor-meego.png
37 blocks


Package name
============
[32mPASSED[0m

RPM file name
=============
[32mPASSED[0m

QML files
=========
[36mINFO[0m [[34m/usr/share/harbour-vendor-meego/qml/cover/CoverPage.qml[0m] Uses Sailfish Silica Components (only reported once)
[32mPASSED[0m

Desktop file
============
[32mPASSED[0m

Paths
=====
[32mPASSED[0m

Libraries
=========
[32mPASSED[0m

Icon
====
[32mPASSED[0m

Symbols
=======
[32mPASSED[0m

Permissions
===========
[32mPASSED[0m

Scripts
=======
[32mPASSED[0m

Provides
========
[32mPASSED[0m

Obsoletes
=========
[32mPASSED[0m

Requires
========
[32mPASSED[0m

Sandboxing
==========
[32mPASSED[0m

RPATH
=====
[32mOK[0m [[34mrpath in binary seems to be ok: '/usr/share/harbour-vendor-meego/lib'[0m]
[32mPASSED[0m

Architecture
============
[32mPASSED[0m

Vendor check
============
[33mWARNING[0m [[34mharbour-vendor-meego-0.1-1.armv7hl.rpm[0m] Vendor is set to 'meego'! This is not recommended, unless your previous submissions to Harbour have the vendor set to 'meego' also. Do this only if you know what you are doing!
[32mPASSED[0m



Validation succeeded: [32msdk-harbour-rpmvalidator/tests/rpms/harbour-vendor-meego-0.1-1.armv7hl.rpm[0m
Clean up
