Created temporary directory
Reading config scripts from sdk-harbour-rpmvalidator
Prepare for RPM validation of file sdk-harbour-rpmvalidator/tests/rpms/bad-file-name.rpm
./usr/bin
./usr/bin/harbour-good
./usr/share/applications/harbour-good.desktop
./usr/share/harbour-good
./usr/share/harbour-good/lib
./usr/share/harbour-good/lib/harbour
./usr/share/harbour-good/lib/harbour/good
./usr/share/harbour-good/lib/harbour/good/dbus
./usr/share/harbour-good/lib/harbour/good/dbus/qmldir
./usr/share/harbour-good/lib/libhelloSailorDbus.so
./usr/share/harbour-good/qml
./usr/share/harbour-good/qml/cover
./usr/share/harbour-good/qml/cover/CoverPage.qml
./usr/share/harbour-good/qml/harbour-good.qml
./usr/share/harbour-good/qml/pages
./usr/share/harbour-good/qml/pages/FirstPage.qml
./usr/share/harbour-good/qml/pages/Page_001.qml
./usr/share/harbour-good/qml/pages/Page_002.qml
./usr/share/harbour-good/qml/pages/Page_003.qml
./usr/share/harbour-good/qml/pages/Page_004.qml
./usr/share/harbour-good/qml/pages/Page_005.qml
./usr/share/harbour-good/qml/pages/Page_006.qml
./usr/share/harbour-good/qml/pages/Page_007.qml
./usr/share/harbour-good/qml/pages/Page_008.qml
./usr/share/harbour-good/qml/pages/Page_009.qml
./usr/share/harbour-good/qml/pages/Page_010.qml
./usr/share/harbour-good/qml/pages/qmlmodules
./usr/share/harbour-good/qml/pages/qmlmodules/RedRectangle.qml
./usr/share/icons/hicolor/86x86/apps/harbour-good.png
262 blocks


Package name
============
PASSED

RPM file name
=============
ERROR [bad-file-name.rpm] rpm file name is not valid, expected to be: 'harbour-good-0.3-1.armv7hl.rpm'
INFO [harbour-good] Please see our FAQ here: https://harbour.jolla.com/faq#Naming
FAILED

QML files
=========
INFO [/usr/share/harbour-good/qml/cover/CoverPage.qml] Uses Sailfish Silica Components (only reported once)
PASSED

Desktop file
============
PASSED

Paths
=====
PASSED

Libraries
=========
INFO [/usr/share/harbour-good/lib/libhelloSailorDbus.so] Private shared library shipped
PASSED

Icon
====
PASSED

Symbols
=======
PASSED

Permissions
===========
WARNING [/usr/share/harbour-good/lib/harbour/good/dbus/qmldir] File must not be executable (current permissions: 755)
WARNING [/usr/share/harbour-good/qml/cover/CoverPage.qml] File must not be executable (current permissions: 755)
WARNING [/usr/share/harbour-good/qml/harbour-good.qml] File must not be executable (current permissions: 755)
WARNING [/usr/share/harbour-good/qml/pages/FirstPage.qml] File must not be executable (current permissions: 755)
WARNING [/usr/share/harbour-good/qml/pages/Page_001.qml] File must not be executable (current permissions: 755)
WARNING [/usr/share/harbour-good/qml/pages/Page_002.qml] File must not be executable (current permissions: 755)
WARNING [/usr/share/harbour-good/qml/pages/Page_003.qml] File must not be executable (current permissions: 755)
WARNING [/usr/share/harbour-good/qml/pages/Page_004.qml] File must not be executable (current permissions: 755)
WARNING [/usr/share/harbour-good/qml/pages/Page_005.qml] File must not be executable (current permissions: 755)
WARNING [/usr/share/harbour-good/qml/pages/Page_006.qml] File must not be executable (current permissions: 755)
WARNING [/usr/share/harbour-good/qml/pages/Page_007.qml] File must not be executable (current permissions: 755)
WARNING [/usr/share/harbour-good/qml/pages/Page_008.qml] File must not be executable (current permissions: 755)
WARNING [/usr/share/harbour-good/qml/pages/Page_009.qml] File must not be executable (current permissions: 755)
WARNING [/usr/share/harbour-good/qml/pages/Page_010.qml] File must not be executable (current permissions: 755)
WARNING [/usr/share/harbour-good/qml/pages/qmlmodules/RedRectangle.qml] File must not be executable (current permissions: 755)
WARNING [/usr/share/icons/hicolor/86x86/apps/harbour-good.png] File must not be executable (current permissions: 755)
PASSED

Scripts
=======
PASSED

Provides
========
PASSED

Obsoletes
=========
PASSED

Requires
========
PASSED

Sandboxing
==========
PASSED

RPATH
=====
INFO [/usr/bin/harbour-good] rpath in binary is empty!
WARNING [bad-file-name.rpm] The RPM contains shared libraries, but it can't be determined for sure if they are needed by the binary, if so then the rpath must be set accordingly.
INFO [See also:] https://harbour.jolla.com/faq#6.3.0
INFO [See also:] https://together.jolla.com/question/10713/create-the-example-of-including-your-own-library-and-standard-qt-module-in-a-harbour-compatible-way/#14098
PASSED

Architecture
============
PASSED

Vendor check
============
OK [No vendor set!]
PASSED



Validation failed: sdk-harbour-rpmvalidator/tests/rpms/bad-file-name.rpm
Clean up
