Created temporary directory
Reading config scripts from sdk-harbour-rpmvalidator
Prepare for RPM validation of file sdk-harbour-rpmvalidator/tests/rpms/bad-file-name.rpm
./usr/bin
./usr/bin/harbour-good
./usr/share/applications/harbour-good.desktop
./usr/share/harbour-good
./usr/share/harbour-good/lib
./usr/share/harbour-good/lib/harbour
./usr/share/harbour-good/lib/harbour/good
./usr/share/harbour-good/lib/harbour/good/dbus
./usr/share/harbour-good/lib/harbour/good/dbus/qmldir
./usr/share/harbour-good/lib/libhelloSailorDbus.so
./usr/share/harbour-good/qml
./usr/share/harbour-good/qml/cover
./usr/share/harbour-good/qml/cover/CoverPage.qml
./usr/share/harbour-good/qml/harbour-good.qml
./usr/share/harbour-good/qml/pages
./usr/share/harbour-good/qml/pages/FirstPage.qml
./usr/share/harbour-good/qml/pages/Page_001.qml
./usr/share/harbour-good/qml/pages/Page_002.qml
./usr/share/harbour-good/qml/pages/Page_003.qml
./usr/share/harbour-good/qml/pages/Page_004.qml
./usr/share/harbour-good/qml/pages/Page_005.qml
./usr/share/harbour-good/qml/pages/Page_006.qml
./usr/share/harbour-good/qml/pages/Page_007.qml
./usr/share/harbour-good/qml/pages/Page_008.qml
./usr/share/harbour-good/qml/pages/Page_009.qml
./usr/share/harbour-good/qml/pages/Page_010.qml
./usr/share/harbour-good/qml/pages/qmlmodules
./usr/share/harbour-good/qml/pages/qmlmodules/RedRectangle.qml
./usr/share/icons/hicolor/86x86/apps/harbour-good.png
262 blocks


Package name
============
[32mPASSED[0m

RPM file name
=============
[31mERROR[0m [[34mbad-file-name.rpm[0m] rpm file name is not valid, expected to be: 'harbour-good-0.3-1.armv7hl.rpm'
[36mINFO[0m [[34mharbour-good[0m] Please see our FAQ here: https://harbour.jolla.com/faq#Naming
[31mFAILED[0m

QML files
=========
[36mINFO[0m [[34m/usr/share/harbour-good/qml/cover/CoverPage.qml[0m] Uses Sailfish Silica Components (only reported once)
[32mPASSED[0m

Desktop file
============
[32mPASSED[0m

Paths
=====
[32mPASSED[0m

Libraries
=========
[36mINFO[0m [[34m/usr/share/harbour-good/lib/libhelloSailorDbus.so[0m] Private shared library shipped
[32mPASSED[0m

Icon
====
[32mPASSED[0m

Symbols
=======
[32mPASSED[0m

Permissions
===========
[33mWARNING[0m [[34m/usr/share/harbour-good/lib/harbour/good/dbus/qmldir[0m] File must not be executable (current permissions: 755)
[33mWARNING[0m [[34m/usr/share/harbour-good/qml/cover/CoverPage.qml[0m] File must not be executable (current permissions: 755)
[33mWARNING[0m [[34m/usr/share/harbour-good/qml/harbour-good.qml[0m] File must not be executable (current permissions: 755)
[33mWARNING[0m [[34m/usr/share/harbour-good/qml/pages/FirstPage.qml[0m] File must not be executable (current permissions: 755)
[33mWARNING[0m [[34m/usr/share/harbour-good/qml/pages/Page_001.qml[0m] File must not be executable (current permissions: 755)
[33mWARNING[0m [[34m/usr/share/harbour-good/qml/pages/Page_002.qml[0m] File must not be executable (current permissions: 755)
[33mWARNING[0m [[34m/usr/share/harbour-good/qml/pages/Page_003.qml[0m] File must not be executable (current permissions: 755)
[33mWARNING[0m [[34m/usr/share/harbour-good/qml/pages/Page_004.qml[0m] File must not be executable (current permissions: 755)
[33mWARNING[0m [[34m/usr/share/harbour-good/qml/pages/Page_005.qml[0m] File must not be executable (current permissions: 755)
[33mWARNING[0m [[34m/usr/share/harbour-good/qml/pages/Page_006.qml[0m] File must not be executable (current permissions: 755)
[33mWARNING[0m [[34m/usr/share/harbour-good/qml/pages/Page_007.qml[0m] File must not be executable (current permissions: 755)
[33mWARNING[0m [[34m/usr/share/harbour-good/qml/pages/Page_008.qml[0m] File must not be executable (current permissions: 755)
[33mWARNING[0m [[34m/usr/share/harbour-good/qml/pages/Page_009.qml[0m] File must not be executable (current permissions: 755)
[33mWARNING[0m [[34m/usr/share/harbour-good/qml/pages/Page_010.qml[0m] File must not be executable (current permissions: 755)
[33mWARNING[0m [[34m/usr/share/harbour-good/qml/pages/qmlmodules/RedRectangle.qml[0m] File must not be executable (current permissions: 755)
[33mWARNING[0m [[34m/usr/share/icons/hicolor/86x86/apps/harbour-good.png[0m] File must not be executable (current permissions: 755)
[32mPASSED[0m

Scripts
=======
[32mPASSED[0m

Provides
========
[32mPASSED[0m

Obsoletes
=========
[32mPASSED[0m

Requires
========
[32mPASSED[0m

Sandboxing
==========
[32mPASSED[0m

RPATH
=====
[36mINFO[0m [[34m/usr/bin/harbour-good[0m] rpath in binary is empty!
[33mWARNING[0m [[34mbad-file-name.rpm[0m] The RPM contains shared libraries, but it can't be determined for sure if they are needed by the binary, if so then the rpath must be set accordingly.
[36mINFO[0m [[34mSee also:[0m] https://harbour.jolla.com/faq#6.3.0
[36mINFO[0m [[34mSee also:[0m] https://together.jolla.com/question/10713/create-the-example-of-including-your-own-library-and-standard-qt-module-in-a-harbour-compatible-way/#14098
[32mPASSED[0m

Architecture
============
[32mPASSED[0m



Validation failed: [31msdk-harbour-rpmvalidator/tests/rpms/bad-file-name.rpm[0m
Clean up
