Created temporary directory
Reading config scripts from sdk-harbour-rpmvalidator
Prepare for RPM validation of file sdk-harbour-rpmvalidator/tests/rpms/harbour-bad-rpmversion-0.1a-1.jolla.armv7hl.rpm
./usr/bin
./usr/bin/harbour-bad-rpmversion
./usr/share/applications/harbour-bad-rpmversion.desktop
./usr/share/harbour-bad-rpmversion
./usr/share/harbour-bad-rpmversion/qml
./usr/share/harbour-bad-rpmversion/qml/cover
./usr/share/harbour-bad-rpmversion/qml/cover/CoverPage.qml
./usr/share/harbour-bad-rpmversion/qml/harbour-bad-rpmversion.qml
./usr/share/harbour-bad-rpmversion/qml/pages
./usr/share/harbour-bad-rpmversion/qml/pages/FirstPage.qml
./usr/share/harbour-bad-rpmversion/qml/pages/SecondPage.qml
./usr/share/harbour-bad-rpmversion/translations
./usr/share/harbour-bad-rpmversion/translations/harbour-bad-rpmversion-de.qm
./usr/share/icons/hicolor/86x86/apps/harbour-bad-rpmversion.png
38 blocks


Package name
============
[32mPASSED[0m

RPM file name
=============
[31mERROR[0m [[34m0.1a[0m] rpm version must contain only digits (0-9) and periods (.)
[31mERROR[0m [[34m1.jolla[0m] rpm release must contain only digits (0-9), underscores (_) and periods (.)
[31mFAILED[0m

QML files
=========
[36mINFO[0m [[34m/usr/share/harbour-bad-rpmversion/qml/cover/CoverPage.qml[0m] Uses Sailfish Silica Components (only reported once)
[32mPASSED[0m

Desktop file
============
[32mPASSED[0m

Paths
=====
[33mWARNING[0m [[34m/usr/share/icons/hicolor/108x108/apps/harbour-bad-rpmversion.png[0m] File not found
[33mWARNING[0m [[34m/usr/share/icons/hicolor/128x128/apps/harbour-bad-rpmversion.png[0m] File not found
[33mWARNING[0m [[34m/usr/share/icons/hicolor/256x256/apps/harbour-bad-rpmversion.png[0m] File not found
[33mWARNING[0m [[34m/usr/share/icons/hicolor/@@SIZE@@/apps/harbour-bad-rpmversion.png[0m] Not all icons found! It is recommended that the rpm contains icons with the following sizes: 86x86 108x108 128x128 256x256. See: https://harbour.jolla.com/faq#Icons
[32mPASSED[0m

Libraries
=========
[32mPASSED[0m

Icon
====
[33mWARNING[0m [[34m/usr/share/icons/hicolor/108x108/apps/harbour-bad-rpmversion.png[0m] Icon not found!
[33mWARNING[0m [[34m/usr/share/icons/hicolor/128x128/apps/harbour-bad-rpmversion.png[0m] Icon not found!
[33mWARNING[0m [[34m/usr/share/icons/hicolor/256x256/apps/harbour-bad-rpmversion.png[0m] Icon not found!
[32mPASSED[0m

Symbols
=======
[32mPASSED[0m

Permissions
===========
[32mPASSED[0m

Scripts
=======
[32mPASSED[0m

Provides
========
[32mPASSED[0m

Obsoletes
=========
[32mPASSED[0m

Requires
========
[32mPASSED[0m

Sandboxing
==========
[32mPASSED[0m

RPATH
=====
[32mOK[0m [[34mrpath in binary seems to be ok: '/usr/share/harbour-bad-rpmversion/lib'[0m]
[32mPASSED[0m

Architecture
============
[32mPASSED[0m

Vendor check
============
[32mOK[0m [[34mNo vendor set![0m]
[32mPASSED[0m



Validation failed: [31msdk-harbour-rpmvalidator/tests/rpms/harbour-bad-rpmversion-0.1a-1.jolla.armv7hl.rpm[0m
Clean up
