Created temporary directory
Reading config scripts from sdk-harbour-rpmvalidator
Prepare for RPM validation of file sdk-harbour-rpmvalidator/tests/rpms/harbor-bad-0.1-1.armv7hl.rpm
./usr/bin
./usr/bin/harbor-bad
./usr/share/applications
./usr/share/applications/harbor-bad.desktop
./usr/share/harbor-bad
./usr/share/harbor-bad/qml
./usr/share/harbor-bad/qml/cover
./usr/share/harbor-bad/qml/cover/CoverPage.qml
./usr/share/harbor-bad/qml/harbor-bad.qml
./usr/share/harbor-bad/qml/pages
./usr/share/harbor-bad/qml/pages/FirstPage.qml
./usr/share/harbor-bad/qml/pages/SecondPage.qml
./usr/share/icons/hicolor/86x86/apps
./usr/share/icons/hicolor/86x86/apps/harbor-bad.png
224 blocks


Package name
============
[31mERROR[0m [[34mharbor-bad[0m] Name is not valid. Must start with 'harbour-', matching '^harbour-[-a-z0-9_\.]+$'.
[36mINFO[0m [[34mharbor-bad[0m] Please see our FAQ here: https://harbour.jolla.com/faq#Naming
[31mFAILED[0m

RPM file name
=============
[33mWARNING[0m [[34mharbor-bad-0.1-1.armv7hl.rpm[0m] rpm file name can not be verified for sure ('Package name' check failed), ensure it to be: harbour-name-version-release.architecture.rpm
[32mPASSED[0m

QML files
=========
[36mINFO[0m [[34m/usr/share/harbor-bad/qml/cover/CoverPage.qml[0m] Uses Sailfish Silica Components (only reported once)
[32mPASSED[0m

Desktop file
============
[32mPASSED[0m

Paths
=====
[32mPASSED[0m

Libraries
=========
[32mPASSED[0m

Icon
====
[32mPASSED[0m

Symbols
=======
[32mPASSED[0m

Permissions
===========
[32mPASSED[0m

Scripts
=======
[32mPASSED[0m

Provides
========
[32mPASSED[0m

Obsoletes
=========
[32mPASSED[0m

Requires
========
[32mPASSED[0m

Sandboxing
==========
[32mPASSED[0m

RPATH
=====
[32mOK[0m [[34mrpath in binary seems to be ok: '/usr/share/harbor-bad/lib'[0m]
[32mPASSED[0m



Validation failed: [31msdk-harbour-rpmvalidator/tests/rpms/harbor-bad-0.1-1.armv7hl.rpm[0m
Clean up
