Created temporary directory
Reading config scripts from sdk-harbour-rpmvalidator
Prepare for RPM validation of file sdk-harbour-rpmvalidator/tests/rpms/harbour-good-0.9-1.armv7hl.rpm
./usr/bin/harbour-good
./usr/share/applications/harbour-good.desktop
./usr/share/harbour-good
./usr/share/harbour-good/lib
./usr/share/harbour-good/lib/harbour
./usr/share/harbour-good/lib/harbour/good
./usr/share/harbour-good/lib/harbour/good/dbus
./usr/share/harbour-good/lib/harbour/good/dbus/qmldir
./usr/share/harbour-good/lib/lib hello Sailor Dbus.so
./usr/share/harbour-good/lib/libhelloSailorDbus.so
./usr/share/harbour-good/lib/libquazip.so
./usr/share/harbour-good/lib/libquazip.so.1
./usr/share/harbour-good/lib/libquazip.so.1.0
./usr/share/harbour-good/lib/libquazip.so.1.0.0
./usr/share/harbour-good/lib/å—¨.so
./usr/share/harbour-good/qml
./usr/share/harbour-good/qml/cover
./usr/share/harbour-good/qml/cover/CoverPage.qml
./usr/share/harbour-good/qml/harbour-good-crlf.qml
./usr/share/harbour-good/qml/harbour-good.qml
./usr/share/harbour-good/qml/pages
./usr/share/harbour-good/qml/pages/FirstPage.qml
./usr/share/harbour-good/qml/pages/Page 002.qml
./usr/share/harbour-good/qml/pages/Page 003.qml
./usr/share/harbour-good/qml/pages/Page 004.qml
./usr/share/harbour-good/qml/pages/Page 005.qml
./usr/share/harbour-good/qml/pages/Page 006.qml
./usr/share/harbour-good/qml/pages/Page_001.qml
./usr/share/harbour-good/qml/pages/Page_002.qml
./usr/share/harbour-good/qml/pages/Page_003.qml
./usr/share/harbour-good/qml/pages/Page_004.qml
./usr/share/harbour-good/qml/pages/Page_005.qml
./usr/share/harbour-good/qml/pages/Page_006.qml
./usr/share/harbour-good/qml/pages/Page_007.qml
./usr/share/harbour-good/qml/pages/Page_008.qml
./usr/share/harbour-good/qml/pages/Page_009.qml
./usr/share/harbour-good/qml/pages/Page_010.qml
./usr/share/harbour-good/qml/pages/Page_Template.qml
./usr/share/harbour-good/qml/pages/qmlmodules
./usr/share/harbour-good/qml/pages/qmlmodules/RedRectangle.qml
./usr/share/harbour-good/qml/pages/å—¨.qml
./usr/share/icons/hicolor/86x86/apps/harbour-good.png
3362 blocks


Package name
============
[32mPASSED[0m

RPM file name
=============
[32mPASSED[0m

QML files
=========
[36mINFO[0m [[34m/usr/share/harbour-good/qml/cover/CoverPage.qml[0m] Uses Sailfish Silica Components (only reported once)
[32mPASSED[0m

Desktop file
============
[32mPASSED[0m

Paths
=====
[32mPASSED[0m

Libraries
=========
[33mWARNING[0m [[34m/usr/share/harbour-good/lib/lib hello Sailor Dbus.so[0m] file is not stripped!
[36mINFO[0m [[34m/usr/share/harbour-good/lib/lib hello Sailor Dbus.so[0m] Private shared library shipped
[36mINFO[0m [[34m/usr/share/harbour-good/lib/libhelloSailorDbus.so[0m] Private shared library shipped
[36mINFO[0m [[34m/usr/share/harbour-good/lib/libquazip.so.1.0.0[0m] Private shared library shipped
[36mINFO[0m [[34m/usr/share/harbour-good/lib/å—¨.so[0m] Private shared library shipped
[32mPASSED[0m

Icon
====
[32mPASSED[0m

Symbols
=======
[32mPASSED[0m

Permissions
===========
[32mPASSED[0m

Scripts
=======
[32mPASSED[0m

Provides
========
[32mPASSED[0m

Obsoletes
=========
[32mPASSED[0m

Requires
========
[32mPASSED[0m

Sandboxing
==========
[32mPASSED[0m



Validation succeeded: [32msdk-harbour-rpmvalidator/tests/rpms/harbour-good-0.9-1.armv7hl.rpm[0m
Clean up
